c:\users\bulli\source\repos\clouqs\assaultme\assaultme\debug\vc143.pdb
c:\users\bulli\source\repos\clouqs\assaultme\assaultme\debug\vc143.idb
c:\users\bulli\source\repos\clouqs\assaultme\assaultme\debug\menu.obj
c:\users\bulli\source\repos\clouqs\assaultme\assaultme\debug\gamestate.obj
c:\users\bulli\source\repos\clouqs\assaultme\assaultme\debug\logic.obj
c:\users\bulli\source\repos\clouqs\assaultme\assaultme\debug\cubescript.obj
c:\users\bulli\source\repos\clouqs\assaultme\assaultme\debug\dllmain.obj
c:\users\bulli\source\repos\clouqs\assaultme\assaultme\debug\memory.obj
c:\users\bulli\source\repos\clouqs\assaultme\assaultme\debug\hooks.obj
c:\users\bulli\source\repos\clouqs\assaultme\assaultme\debug\imgui_widgets.obj
c:\users\bulli\source\repos\clouqs\assaultme\assaultme\debug\imgui_tables.obj
c:\users\bulli\source\repos\clouqs\assaultme\assaultme\debug\imgui_impl_win32.obj
c:\users\bulli\source\repos\clouqs\assaultme\assaultme\debug\imgui_impl_opengl2.obj
c:\users\bulli\source\repos\clouqs\assaultme\assaultme\debug\imgui_draw.obj
c:\users\bulli\source\repos\clouqs\assaultme\assaultme\debug\imgui_demo.obj
c:\users\bulli\source\repos\clouqs\assaultme\assaultme\debug\imgui.obj
c:\users\bulli\source\repos\clouqs\assaultme\debug\assaultme.pdb
c:\users\bulli\source\repos\clouqs\assaultme\assaultme\debug\assaultme.tlog\cl.command.1.tlog
c:\users\bulli\source\repos\clouqs\assaultme\assaultme\debug\assaultme.tlog\cl.read.1.tlog
c:\users\bulli\source\repos\clouqs\assaultme\assaultme\debug\assaultme.tlog\cl.write.1.tlog
c:\users\bulli\source\repos\clouqs\assaultme\assaultme\debug\assaultme.tlog\link-cvtres.read.1.tlog
c:\users\bulli\source\repos\clouqs\assaultme\assaultme\debug\assaultme.tlog\link-cvtres.write.1.tlog
c:\users\bulli\source\repos\clouqs\assaultme\assaultme\debug\assaultme.tlog\link-rc.read.1.tlog
c:\users\bulli\source\repos\clouqs\assaultme\assaultme\debug\assaultme.tlog\link-rc.write.1.tlog
c:\users\bulli\source\repos\clouqs\assaultme\assaultme\debug\assaultme.tlog\link.command.1.tlog
c:\users\bulli\source\repos\clouqs\assaultme\assaultme\debug\assaultme.tlog\link.read.1.tlog
c:\users\bulli\source\repos\clouqs\assaultme\assaultme\debug\assaultme.tlog\link.write.1.tlog
